// Jest Snapshot v1, https://goo.gl/fbAQLP

exports[`----- AddEx ----- renders the UI as expected 1`] = `
<main>
  <form
    autoComplete="off"
    className="exchange-form"
    onSubmit={[Function]}
  >
    <h2>
      New Exchange
    </h2>
    <div
      className="exchange-form-group"
    >
      <label
        htmlFor="add-ex-title"
      >
        Title
      </label>
      <input
        id="add-ex-title"
        name="title"
        onChange={[Function]}
        type="text"
      />
    </div>
    <div
      className="exchange-form-group"
    >
      <label
        htmlFor="descr"
      >
        Description
      </label>
      <textarea
        id="descr"
        name="descr"
        onChange={[Function]}
      />
    </div>
    <fieldset
      className="add-ex-song"
    >
      <legend>
        Song
      </legend>
      <div
        className="exchange-form-group"
      >
        <label
          htmlFor="new-song-title-0"
        >
          Title
        </label>
        <input
          id="new-song-title-0"
          name="song-title"
          onChange={[Function]}
          type="text"
          value=""
        />
      </div>
      <div
        className="exchange-form-group"
      >
        <label
          htmlFor="new-song-link-0"
        >
          Link
        </label>
        <input
          id="new-song-link-0"
          name="song-link"
          onChange={[Function]}
          type="text"
          value=""
        />
      </div>
      <div
        className="exchange-form-group"
      >
        <label
          htmlFor="new-artist-0"
        >
          Artist
        </label>
        <input
          id="new-artist-0"
          name="artist"
          onChange={[Function]}
          type="text"
          value=""
        />
      </div>
      <div
        className="exchange-form-group"
      >
        <label
          htmlFor="new-album-0"
        >
          Album
        </label>
        <input
          id="new-album-0"
          name="album"
          onChange={[Function]}
          type="text"
          value=""
        />
      </div>
      <div
        className="exchange-form-group"
      >
        <label
          htmlFor="comment-0"
        >
          Thoughts
        </label>
        <textarea
          className="comment"
          id="comment-0"
          maxLength="1500"
          name="song-title"
          onChange={[Function]}
          value=""
        />
      </div>
    </fieldset>
    <button
      id="add-ex-add-song-btn"
      onClick={[Function]}
    >
      Add Another Song
    </button>
    <button
      id="create-ex-btn"
      type="submit"
    >
      Create Exchange
    </button>
  </form>
</main>
`;
