// Jest Snapshot v1, https://goo.gl/fbAQLP

exports[`----- Song ----- renders the UI as expected 1`] = `
<div
  className="song-section"
>
  <div
    className="song-header song-div"
  >
    <h3
      className="song-title"
    >
      Do you want more?!?!
    </h3>
    <h4
      className="song-added"
    >
      2/18/2021
       - 
      <span
        className="username"
      >
        user
      </span>
    </h4>
  </div>
  <div
    className="song-details song-div"
  >
    <p>
      <b>
        Artist:
      </b>
       
      The Roots
    </p>
    <p>
      <b>
        Album:
      </b>
       
      Do you want more?!?!
    </p>
  </div>
  <div
    className="song-comments song-div"
  >
    <form
      autoComplete="off"
      className="song-form"
      onSubmit={[Function]}
    >
      <input
        className="comment-input"
        maxLength="1500"
        name="comment"
        onChange={[Function]}
        type="text"
      />
      <button
        className="comment-button"
        type="submit"
      >
        Comment
      </button>
    </form>
  </div>
</div>
`;
