// Jest Snapshot v1, https://goo.gl/fbAQLP

exports[`----- NewSong ----- renders the UI as expected 1`] = `
Array [
  <div
    className="exchange-form-group"
  >
    <label
      htmlFor="new-song-title-1"
    >
      Title
    </label>
    <input
      id="new-song-title-1"
      name="song-title"
      onChange={[Function]}
      type="text"
      value=""
    />
  </div>,
  <div
    className="exchange-form-group"
  >
    <label
      htmlFor="new-song-link-1"
    >
      Link
    </label>
    <input
      id="new-song-link-1"
      name="song-link"
      onChange={[Function]}
      type="text"
      value=""
    />
  </div>,
  <div
    className="exchange-form-group"
  >
    <label
      htmlFor="new-artist-1"
    >
      Artist
    </label>
    <input
      id="new-artist-1"
      name="artist"
      onChange={[Function]}
      type="text"
      value=""
    />
  </div>,
  <div
    className="exchange-form-group"
  >
    <label
      htmlFor="new-album-1"
    >
      Album
    </label>
    <input
      id="new-album-1"
      name="album"
      onChange={[Function]}
      type="text"
      value=""
    />
  </div>,
]
`;
